21:50:36.267 [com.bitpub.edge.Main.main()] INFO  com.bitpub.edge.Main - Avvio BitPub Edge Node in corso...
21:50:36.277 [com.bitpub.edge.Main.main()] INFO  com.bitpub.buffer.BufferDatiEdge - [BUFFER] BufferDatiEdge inizializzato con capacità massima: 100
21:50:36.282 [com.bitpub.edge.Main.main()] ERROR com.bitpub.edge.EdgeMqttClient - [EDGE MQTT] Errore critico durante la connessione: SSLContext nullo: impossibile stabilire connessione sicura.
21:50:36.284 [com.bitpub.edge.Main.main()] INFO  com.bitpub.edge.Main - Sistema Edge operativo. Heartbeat avviato ogni 15s.
21:50:36.285 [pool-1-thread-1] ERROR com.bitpub.edge.HeartbeatTask - [HEARTBEAT] Errore critico imprevisto nel task: Cannot invoke "org.eclipse.paho.client.mqttv3.IMqttClient.isConnected()" because "this.mqttClient" is null
21:50:51.295 [pool-1-thread-1] ERROR com.bitpub.edge.HeartbeatTask - [HEARTBEAT] Errore critico imprevisto nel task: Cannot invoke "org.eclipse.paho.client.mqttv3.IMqttClient.isConnected()" because "this.mqttClient" is null
21:50:55.779 [Thread-2] WARN  com.bitpub.edge.Main - Rilevato segnale di spegnimento (SIGTERM/Interrupt).
21:50:55.779 [Thread-2] INFO  com.bitpub.edge.Main - Client MQTT disconnesso correttamente.
21:50:55.779 [Thread-2] INFO  com.bitpub.edge.Main - Chiusura del nodo Edge completata con successo.
22:06:48.619 [com.bitpub.Main.main()] INFO  com.bitpub.Main - Avvio BitPub Edge Node in corso...
22:06:48.621 [com.bitpub.Main.main()] INFO  com.bitpub.buffer.BufferDatiEdge - [BUFFER] BufferDatiEdge inizializzato con capacità massima: 100
22:06:48.623 [com.bitpub.Main.main()] ERROR com.bitpub.Main - Errore critico durante l'avvio: ..\..\bitpub-security\certs\ca.crt (Impossibile trovare il percorso specificato)
22:07:05.867 [com.bitpub.Main.main()] INFO  com.bitpub.Main - Avvio BitPub Edge Node in corso...
22:07:05.869 [com.bitpub.Main.main()] INFO  com.bitpub.buffer.BufferDatiEdge - [BUFFER] BufferDatiEdge inizializzato con capacità massima: 100
22:07:05.871 [com.bitpub.Main.main()] ERROR com.bitpub.Main - Errore critico durante l'avvio: ..\..\bitpub-security\certs\ca.crt (Impossibile trovare il percorso specificato)
22:10:24.553 [com.bitpub.Main.main()] INFO  com.bitpub.Main - Avvio BitPub Edge Node in corso...
22:10:24.554 [com.bitpub.Main.main()] INFO  com.bitpub.buffer.BufferDatiEdge - [BUFFER] BufferDatiEdge inizializzato con capacità massima: 100
22:10:24.611 [com.bitpub.Main.main()] ERROR com.bitpub.Main - Errore critico durante l'avvio: java.security.InvalidKeyException: Unable to decode key
22:11:16.211 [com.bitpub.Main.main()] INFO  com.bitpub.Main - Avvio BitPub Edge Node in corso...
22:11:16.213 [com.bitpub.Main.main()] INFO  com.bitpub.buffer.BufferDatiEdge - [BUFFER] BufferDatiEdge inizializzato con capacità massima: 100
22:11:16.258 [com.bitpub.Main.main()] ERROR com.bitpub.Main - Errore critico durante l'avvio: java.security.InvalidKeyException: Unable to decode key
22:12:14.646 [com.bitpub.Main.main()] INFO  com.bitpub.Main - Avvio BitPub Edge Node in corso...
22:12:14.647 [com.bitpub.Main.main()] INFO  com.bitpub.buffer.BufferDatiEdge - [BUFFER] BufferDatiEdge inizializzato con capacità massima: 100
22:12:14.813 [com.bitpub.Main.main()] INFO  com.bitpub.mqtt.CloudMqttManager - [CLOUD MQTT] SSLSocketFactory iniettata correttamente per porta 8883.
22:12:14.881 [com.bitpub.Main.main()] INFO  com.bitpub.mqtt.CloudMqttManager - [CLOUD MQTT] Tentativo di connessione a ssl://localhost:8883 (ID: Edge-Locale_1)
22:12:14.947 [com.bitpub.Main.main()] ERROR com.bitpub.edge.EdgeMqttClient - [EDGE MQTT] Errore critico durante la connessione: Impossibile effettuare la connessione al server
22:12:14.958 [com.bitpub.Main.main()] INFO  com.bitpub.Main - Sistema Edge operativo. Heartbeat avviato ogni 15s.
22:12:14.958 [pool-1-thread-1] ERROR com.bitpub.edge.HeartbeatTask - [HEARTBEAT] Errore critico imprevisto nel task: Cannot invoke "org.eclipse.paho.client.mqttv3.IMqttClient.isConnected()" because "this.mqttClient" is null
22:12:29.963 [pool-1-thread-1] ERROR com.bitpub.edge.HeartbeatTask - [HEARTBEAT] Errore critico imprevisto nel task: Cannot invoke "org.eclipse.paho.client.mqttv3.IMqttClient.isConnected()" because "this.mqttClient" is null
22:12:32.525 [Thread-4] WARN  com.bitpub.Main - Rilevato segnale di spegnimento (SIGTERM/Interrupt).
22:12:32.526 [Thread-4] INFO  com.bitpub.Main - Client MQTT disconnesso correttamente.
22:12:32.526 [Thread-4] INFO  com.bitpub.Main - Chiusura del nodo Edge completata con successo.
22:13:32.942 [com.bitpub.Main.main()] INFO  com.bitpub.Main - Avvio BitPub Edge Node in corso...
22:13:32.944 [com.bitpub.Main.main()] INFO  com.bitpub.buffer.BufferDatiEdge - [BUFFER] BufferDatiEdge inizializzato con capacità massima: 100
22:13:33.074 [com.bitpub.Main.main()] INFO  com.bitpub.mqtt.CloudMqttManager - [CLOUD MQTT] SSLSocketFactory iniettata correttamente per porta 8883.
22:13:33.108 [com.bitpub.Main.main()] INFO  com.bitpub.mqtt.CloudMqttManager - [CLOUD MQTT] Tentativo di connessione a ssl://localhost:8883 (ID: Edge-Locale_1)
22:13:33.667 [com.bitpub.Main.main()] INFO  com.bitpub.mqtt.CloudMqttManager - [CLOUD MQTT] Connessione stabilita con successo. Durable Session e mTLS attivi.
22:13:33.670 [com.bitpub.Main.main()] INFO  com.bitpub.edge.EdgeMqttClient - [EDGE MQTT] Connesso e sottoscritto ai canali di comando.
22:13:33.674 [com.bitpub.Main.main()] INFO  com.bitpub.Main - Sistema Edge operativo. Heartbeat avviato ogni 15s.
22:13:33.676 [pool-1-thread-1] DEBUG com.bitpub.edge.HeartbeatTask - [HEARTBEAT] Segnale ONLINE inviato correttamente su bitpub/locali/Locale_Esempio_01/status
22:13:42.204 [Thread-7] WARN  com.bitpub.Main - Rilevato segnale di spegnimento (SIGTERM/Interrupt).
22:13:42.253 [Thread-7] INFO  com.bitpub.edge.EdgeMqttClient - [EDGE MQTT] Disconnessione effettuata con successo.
22:13:42.253 [Thread-7] INFO  com.bitpub.Main - Client MQTT disconnesso correttamente.
22:13:42.253 [Thread-7] INFO  com.bitpub.Main - Chiusura del nodo Edge completata con successo.
